INFO: System started
ERROR: Something went wrong!
WARNING: Low disk space
ERROR: Database connection failed
INFO: User logged in